exports[`ResetButton renders the component 1`] = `
<button
  onClick={[Function]}
  style={
    Object {
      "background": "transparent",
      "border": 0,
      "color": "var(--Silver)",
      "cursor": "pointer",
      "fontSize": "2rem",
      "height": 50,
      "lineHeight": 1,
      "minWidth": 50,
      "padding": 0,
    }
  }>
  <svg
    fill="currentColor"
    height="1em"
    preserveAspectRatio="xMidYMid meet"
    style={
      Object {
        "color": undefined,
        "verticalAlign": "top",
      }
    }
    viewBox="0 0 40 40"
    width="1em">
    <g>
      <path
        d="m31.3 12.9c1.3 2 2.1 4.5 2.1 7.1 0 7.3-6.1 13.4-13.4 13.4v5l-6.6-6.8 6.6-6.6v5c5.5 0 10-4.4 10-10 0-1.7-0.5-3.3-1.2-4.7z m-11.3-2.9c-5.5 0-10 4.5-10 10 0 1.7 0.4 3.3 1.2 4.7l-2.4 2.4c-1.4-2-2.2-4.5-2.2-7.1 0-7.3 6.1-13.4 13.4-13.4v-5l6.6 6.8-6.6 6.6v-5z" />
    </g>
  </svg>
  <br />
  <div
    style={
      Object {
        "color": "var(--Silver)",
        "fontFamily": "Roboto Mono, monospace",
        "fontSize": ".8rem",
        "lineHeight": 1.5,
        "textTransform": "uppercase",
      }
    }>
    Reset
  </div>
</button>
`;
