exports[`SpawnPresenterWindowButton renders the component 1`] = `
<button
  disabled={false}
  onClick={[Function]}
  style={
    Object {
      "background": "transparent",
      "border": 0,
      "color": "#bdc3c7",
      "cursor": "pointer",
      "fontSize": "2rem",
      "height": 50,
      "lineHeight": 1,
      "padding": 0,
      "width": 50,
    }
  }>
  <svg
    fill="currentColor"
    fit={true}
    height="1em"
    preserveAspectRatio="xMidYMid meet"
    style={
      Object {
        "verticalAlign": "top",
      }
    }
    viewBox="0 0 40 40"
    width="1em">
    <g>
      <path
        d="m23.4 5h11.6v11.6h-3.4v-5.9l-16.3 16.3-2.3-2.3 16.3-16.3h-5.9v-3.4z m8.2 26.6v-11.6h3.4v11.6q0 1.4-1 2.4t-2.4 1h-23.2q-1.4 0-2.4-1t-1-2.4v-23.2q0-1.4 1-2.4t2.4-1h11.6v3.4h-11.6v23.2h23.2z" />
    </g>
  </svg>
</button>
`;
