exports[`DisplayNav renders the component 1`] = `
<nav
  style={
    Object {
      "background": "#2c3e50",
      "height": 50,
    }
  }>
  <ul
    style={
      Object {
        "display": "flex",
        "flexDirection": "row",
        "height": "100%",
        "listStyleType": "none",
        "margin": 0,
        "padding": 0,
      }
    }>
    <li
      style={
        Object {
          "textAlign": "center",
        }
      }>
      <form
        onSubmit={[Function]}
        style={
          Object {
            "height": "100%",
            "textAlign": "left",
          }
        }>
        <input
          onBlur={[Function]}
          onChange={[Function]}
          onFocus={[Function]}
          placeholder="Enter text for teleprompter..."
          style={
            Object {
              "background": "transparent",
              "border": "none",
              "color": "#ecf0f1",
              "display": "inline-block",
              "fontSize": 18,
              "fontWeight": 200,
              "height": "100%",
              "maxWidth": "75vw",
              "minWidth": "25ch",
              "overflow": "hidden",
              "padding": 5,
              "width": "3ch",
            }
          } />
      </form>
    </li>
    <li
      style={
        Object {
          "flex": 1,
        }
      }>
      Â 
    </li>
    <li
      style={
        Object {
          "textAlign": "center",
        }
      }>
      <button
        disabled={false}
        onClick={[Function]}
        style={
          Object {
            "background": "transparent",
            "border": 0,
            "color": "#bdc3c7",
            "cursor": "pointer",
            "fontSize": "2rem",
            "height": 50,
            "lineHeight": 1,
            "padding": 0,
            "width": 50,
          }
        }>
        <svg
          fill="currentColor"
          fit={true}
          height="1em"
          preserveAspectRatio="xMidYMid meet"
          style={
            Object {
              "verticalAlign": "top",
            }
          }
          viewBox="0 0 40 40"
          width="1em">
          <g>
            <path
              d="m23.4 5h11.6v11.6h-3.4v-5.9l-16.3 16.3-2.3-2.3 16.3-16.3h-5.9v-3.4z m8.2 26.6v-11.6h3.4v11.6q0 1.4-1 2.4t-2.4 1h-23.2q-1.4 0-2.4-1t-1-2.4v-23.2q0-1.4 1-2.4t2.4-1h11.6v3.4h-11.6v23.2h23.2z" />
          </g>
        </svg>
      </button>
    </li>
  </ul>
</nav>
`;
